[www.enableds.com/products/appkit/v25/index.html]
[backblue.gif]
[fade.gif]
[index.html]
[www.enableds.com/products/appkit/v25/styles/bootstrap.css]
[www.enableds.com/products/appkit/v25/fonts/css/fontawesome-all.min.css]
[www.enableds.com/products/appkit/v25/_manifest.json]
[www.enableds.com/products/appkit/v25/app/icons/icon-192x192.png]
[www.enableds.com/products/appkit/v25/index-2.html]
[www.enableds.com/products/appkit/v25/index-components.html]
[www.enableds.com/products/appkit/v25/index-pages.html]
[www.enableds.com/products/appkit/v25/index-projects.html]
[www.enableds.com/products/appkit/v25/menu-main.html]
[www.enableds.com/products/appkit/v25/images/pictures/31l.jpg]
[www.enableds.com/products/appkit/v25/images/pictures/16l.jpg]
[www.enableds.com/products/appkit/v25/images/pictures/6l.jpg]
[www.enableds.com/products/appkit/v25/index-homepages.html]
[www.enableds.com/products/appkit/v25/menu-footer.html]
[www.enableds.com/products/appkit/v25/auto_generated]
[www.enableds.com/products/appkit/v25/app/icons/icon-128x128.png]
[www.enableds.com/products/appkit/v25/scripts/bootstrap.min.js]
[www.enableds.com/products/appkit/v25/scripts/custom.js]
[www.enableds.com/products/appkit/v25/index.html]
[www.enableds.com/products/appkit/v25/styles/bootstrap.html]
[www.enableds.com/products/appkit/v25/fonts/css/fontawesome-all.min.html]
[www.enableds.com/products/appkit/v25/_manifest.html]
[www.enableds.com/products/appkit/v25/index-2.html]
[www.enableds.com/products/appkit/v25/index-components.html]
[www.enableds.com/products/appkit/v25/index-pages.html]
[www.enableds.com/products/appkit/v25/index-projects.html]
[www.enableds.com/products/appkit/v25/page-contact.html]
[www.enableds.com/products/appkit/v25/images/pictures/1s.jpg]
[www.enableds.com/products/appkit/v25/images/pictures/5s.jpg]
[www.enableds.com/products/appkit/v25/images/pictures/6s.jpg]
[www.enableds.com/products/appkit/v25/menu-main.html]
[www.enableds.com/products/appkit/v25/images/pictures/31l.html]
[www.enableds.com/products/appkit/v25/images/pictures/16l.html]
[www.enableds.com/products/appkit/v25/images/pictures/6l.html]
[www.enableds.com/products/appkit/v25/index-homepages.html]
[www.enableds.com/products/appkit/v25/menu-footer.html]
[www.enableds.com/products/appkit/v25/auto_generated.html]
[www.enableds.com/products/appkit/v25/app/icons/icon-128x128.html]
[www.enableds.com/products/appkit/v25/scripts/bootstrap.min.html]
[www.enableds.com/products/appkit/v25/scripts/custom.html]
[www.enableds.com/products/appkit/v25/page-contact.html]
[www.enableds.com/products/appkit/v25/images/pictures/1s.html]
[www.enableds.com/products/appkit/v25/images/pictures/5s.html]
[www.enableds.com/products/appkit/v25/images/pictures/6s.html]
